// Jest Snapshot v1, https://goo.gl/fbAQLP

exports[`App Component Snapshot test Renders the UI as expected 1`] = `
<div
  className="App"
>
  <header>
    <img
      alt="Logo"
      className="logo"
      src="weather-watch-logo.png"
    />
  </header>
  <main>
    <section
      className="half"
    >
      <h1>
        
      </h1>
      
      <div>
        <img
          alt="weather-watch-logo-hero-pic"
          className="hero-pic"
          src="weather-watch-logo.png"
        />
      </div>
    </section>
    <section
      className="half"
    >
      <form
        onSubmit={[Function]}
      >
        <label
          htmlFor="zip"
        >
          Enter a Zip Code 
        </label>
        <input
          id="zip"
          name="zip"
          onChange={[Function]}
          pattern="[0-9]*"
          required={true}
          type="text"
        />
        <button
          className="btn"
          disabled="Zip code must be at least 5 numbers long"
          type="submit"
        >
          <span>
            Submit
          </span>
        </button>
      </form>
      <form
        onSubmit={[Function]}
      >
        <label
          htmlFor="city"
        >
          Enter a City 
        </label>
        <input
          id="city"
          name="city"
          onChange={[Function]}
          required={true}
          type="text"
        />
        <label
          htmlFor="prov"
        >
          and State/Province
        </label>
        <input
          id="prov"
          name="prov"
          onChange={[Function]}
          type="text"
        />
        <button
          className="btn"
          disabled="City is required"
          type="submit"
        >
          <span>
            Submit
          </span>
        </button>
      </form>
    </section>
  </main>
</div>
`;
